Archive member included because of file (symbol)

board/S3C2440A/libS3C2440A.a(lowlevel_init.o)
                              cpu/arm920t/start.o (lowlevel_init)
cpu/arm920t/libarm920t.a(interrupts.o)
                              cpu/arm920t/start.o (do_undefined_instruction)
cpu/arm920t/s3c24x0/libs3c24x0.a(interrupts.o)
                              cpu/arm920t/libarm920t.a(interrupts.o) (reset_cpu)
cpu/arm920t/s3c24x0/libs3c24x0.a(speed.o)
                              cpu/arm920t/s3c24x0/libs3c24x0.a(interrupts.o) (get_PCLK)
lib_arm/libarm.a(_udivsi3.o)  cpu/arm920t/s3c24x0/libs3c24x0.a(interrupts.o) (__udivsi3)
lib_arm/libarm.a(board.o)     cpu/arm920t/s3c24x0/libs3c24x0.a(speed.o) (hang)
lib_arm/libarm.a(div0.o)      lib_arm/libarm.a(_udivsi3.o) (__div0)
net/libnet.a(net.o)           lib_arm/libarm.a(board.o) (copy_filename)
net/libnet.a(tftp.o)          net/libnet.a(net.o) (TftpStart)
net/libnet.a(bootp.o)         net/libnet.a(net.o) (BootpRequest)
net/libnet.a(rarp.o)          net/libnet.a(net.o) (RarpRequest)
net/libnet.a(eth.o)           lib_arm/libarm.a(board.o) (eth_initialize)
net/libnet.a(nfs.o)           net/libnet.a(net.o) (NfsStart)
drivers/libdrivers.a(cs8900.o)
                              lib_arm/libarm.a(board.o) (cs8900_get_enetaddr)
common/libcommon.a(main.o)    lib_arm/libarm.a(board.o) (main_loop)
common/libcommon.a(cmd_autoscript.o)
                              (__u_boot_cmd_autoscr)
common/libcommon.a(cmd_bdinfo.o)
                              (__u_boot_cmd_bdinfo)
common/libcommon.a(cmd_boot.o)
                              (__u_boot_cmd_reset)
common/libcommon.a(cmd_bootm.o)
                              (__u_boot_cmd_imls)
common/libcommon.a(cmd_cache.o)
                              (__u_boot_cmd_dcache)
common/libcommon.a(cmd_console.o)
                              (__u_boot_cmd_coninfo)
common/libcommon.a(cmd_date.o)
                              (__u_boot_cmd_date)
common/libcommon.a(cmd_elf.o)
                              (__u_boot_cmd_bootvx)
common/libcommon.a(cmd_flash.o)
                              (__u_boot_cmd_protect)
common/libcommon.a(cmd_itest.o)
                              (__u_boot_cmd_itest)
common/libcommon.a(cmd_load.o)
                              (__u_boot_cmd_loady)
common/libcommon.a(cmd_mem.o)
                              (__u_boot_cmd_mtest)
common/libcommon.a(cmd_misc.o)
                              (__u_boot_cmd_sleep)
common/libcommon.a(cmd_net.o)
                              (__u_boot_cmd_nfs)
common/libcommon.a(cmd_nvedit.o)
                              (__u_boot_cmd_run)
common/libcommon.a(command.o)
                              (__u_boot_cmd_question_mark)
common/libcommon.a(console.o)
                              cpu/arm920t/libarm920t.a(interrupts.o) (printf)
common/libcommon.a(devices.o)
                              common/libcommon.a(cmd_console.o) (stdio_names)
common/libcommon.a(dlmalloc.o)
                              common/libcommon.a(cmd_autoscript.o) (free)
common/libcommon.a(env_common.o)
                              common/libcommon.a(cmd_nvedit.o) (env_get_char)
common/libcommon.a(env_flash.o)
                              common/libcommon.a(env_common.o) (env_ptr)
common/libcommon.a(exports.o)
                              lib_arm/libarm.a(board.o) (jumptable_init)
common/libcommon.a(flash.o)   common/libcommon.a(cmd_load.o) (addr2info)
common/libcommon.a(lists.o)   common/libcommon.a(devices.o) (ListCreate)
common/libcommon.a(s_record.o)
                              common/libcommon.a(cmd_load.o) (srec_decode)
common/libcommon.a(xyzModem.o)
                              common/libcommon.a(cmd_load.o) (xyzModem_stream_open)
common/libcommon.a(cmd_info.o)
                              (__u_boot_cmd_info)
common/libcommon.a(crc16.o)   common/libcommon.a(xyzModem.o) (cyg_crc16)
lib_generic/libgeneric.a(crc32.o)
                              common/libcommon.a(cmd_autoscript.o) (crc32)
lib_generic/libgeneric.a(display_options.o)
                              lib_arm/libarm.a(board.o) (print_size)
lib_generic/libgeneric.a(string.o)
                              net/libnet.a(net.o) (strcpy)
lib_generic/libgeneric.a(vsprintf.o)
                              lib_arm/libarm.a(board.o) (simple_strtoul)
lib_generic/libgeneric.a(zlib.o)
                              common/libcommon.a(cmd_bootm.o) (inflateEnd)
lib_generic/libgeneric.a(ctype.o)
                              lib_generic/libgeneric.a(vsprintf.o) (_ctype)
board/S3C2440A/libS3C2440A.a(S3C2440A.o)
                              lib_arm/libarm.a(board.o) (board_init)
board/S3C2440A/libS3C2440A.a(flash.o)
                              lib_arm/libarm.a(board.o) (flash_init)
cpu/arm920t/libarm920t.a(cpu.o)
                              lib_arm/libarm.a(board.o) (cpu_init)
cpu/arm920t/s3c24x0/libs3c24x0.a(serial.o)
                              common/libcommon.a(cmd_load.o) (serial_setbrg)
lib_arm/libarm.a(_divsi3.o)   common/libcommon.a(cmd_date.o) (__divsi3)
lib_arm/libarm.a(_modsi3.o)   net/libnet.a(nfs.o) (__modsi3)
lib_arm/libarm.a(_umodsi3.o)  net/libnet.a(tftp.o) (__umodsi3)
lib_arm/libarm.a(armlinux.o)  common/libcommon.a(cmd_bootm.o) (do_bootm_linux)
lib_arm/libarm.a(cache.o)     common/libcommon.a(cmd_elf.o) (flush_cache)
rtc/librtc.a(date.o)          common/libcommon.a(cmd_date.o) (GregorianDay)
rtc/librtc.a(s3c24x0_rtc.o)   common/libcommon.a(cmd_date.o) (rtc_get)

Memory Configuration

Name             Origin             Length             Attributes
*default*        0x00000000         0xffffffff

Linker script and memory map

                0x00000000                . = 0x0
                0x00000000                . = ALIGN (0x4)

.text           0x33f80000    0x11f98
 cpu/arm920t/start.o(.text)
 .text          0x33f80000      0x400 cpu/arm920t/start.o
                0x33f80000                _start
                0x33f80044                _armboot_start
                0x33f80048                _bss_start
                0x33f8004c                _bss_end
 *(.text)
 .text          0x33f80400       0x64 board/S3C2440A/libS3C2440A.a(lowlevel_init.o)
                0x33f80404                lowlevel_init
 .text          0x33f80464      0x260 cpu/arm920t/libarm920t.a(interrupts.o)
                0x33f806a0                do_irq
                0x33f805c8                do_undefined_instruction
                0x33f8067c                do_fiq
                0x33f80470                bad_mode
                0x33f80464                enable_interrupts
                0x33f8048c                show_regs
                0x33f80468                disable_interrupts
                0x33f80610                do_prefetch_abort
                0x33f805ec                do_software_interrupt
                0x33f80634                do_data_abort
                0x33f80658                do_not_used
 .text          0x33f806c4      0x25c cpu/arm920t/s3c24x0/libs3c24x0.a(interrupts.o)
                0x33f80864                udelay_masked
                0x33f80744                reset_timer_masked
                0x33f80900                reset_cpu
                0x33f808f4                get_tbclk
                0x33f808e0                get_ticks
                0x33f806c4                interrupt_init
                0x33f80774                reset_timer
                0x33f80808                udelay
                0x33f807f8                set_timer
                0x33f80778                get_timer_masked
                0x33f807e4                get_timer
 .text          0x33f80920      0x20c cpu/arm920t/s3c24x0/libs3c24x0.a(speed.o)
                0x33f80a70                get_PCLK
                0x33f80b24                get_UCLK
                0x33f809c4                get_HCLK
                0x33f809bc                get_FCLK
 .text          0x33f80b2c       0x98 lib_arm/libarm.a(_udivsi3.o)
                0x33f80b2c                __udivsi3
 .text          0x33f80bc4      0x2fc lib_arm/libarm.a(board.o)
                0x33f80bc4                sbrk
                0x33f80cbc                start_armboot
                0x33f80cac                hang
 .text          0x33f80ec0        0x4 lib_arm/libarm.a(div0.o)
                0x33f80ec0                __div0
 .text          0x33f80ec4     0x129c net/libnet.a(net.o)
                0x33f81d34                getenv_VLAN
                0x33f81118                NetSetHandler
                0x33f81234                NetCksum
                0x33f81c80                VLAN_to_string
                0x33f81660                NetReceive
                0x33f813c0                NetSendUDPPacket
                0x33f81280                NetSetIP
                0x33f81590                copy_filename
                0x33f80ec4                NetSetEther
                0x33f80f84                ArpRequest
                0x33f81d4c                NetLoop
                0x33f811a8                ArpTimeoutCheck
                0x33f81230                NetSendPacket
                0x33f8163c                print_IPaddr
                0x33f81cdc                string_to_VLAN
                0x33f81528                NetCksumOk
                0x33f815e4                ip_to_string
                0x33f81bf0                string_to_ip
                0x33f8154c                NetEthHdrSize
                0x33f81128                NetStartAgain
                0x33f81c70                getenv_IPaddr
                0x33f810dc                NetSetTimeout
 .text          0x33f82160      0x6b8 net/libnet.a(tftp.o)
                0x33f825f4                TftpStart
 .text          0x33f82818      0x65c net/libnet.a(bootp.o)
                0x33f82bc8                BootpRequest
 .text          0x33f82e74      0x1a0 net/libnet.a(rarp.o)
                0x33f82ecc                RarpRequest
 .text          0x33f83014        0x8 net/libnet.a(eth.o)
                0x33f83014                eth_initialize
 .text          0x33f8301c      0xef0 net/libnet.a(nfs.o)
                0x33f83cb0                NfsStart
 .text          0x33f83f0c      0x5a8 drivers/libdrivers.a(cs8900.o)
                0x33f84054                cs8900_get_enetaddr
                0x33f8423c                eth_init
                0x33f84340                eth_send
                0x33f84428                cs8900_e2prom_read
                0x33f8421c                eth_halt
                0x33f842c0                eth_rx
                0x33f8445c                cs8900_e2prom_write
 .text          0x33f844b4      0x8f8 common/libcommon.a(main.o)
                0x33f8476c                run_command
                0x33f84d30                do_run
                0x33f84590                readline
                0x33f84bbc                main_loop
 .text          0x33f84dac      0x260 common/libcommon.a(cmd_autoscript.o)
                0x33f84dac                autoscript
                0x33f84fcc                do_autoscript
 .text          0x33f8500c       0xe4 common/libcommon.a(cmd_bdinfo.o)
                0x33f85020                do_bdinfo
 .text          0x33f850f0       0x88 common/libcommon.a(cmd_boot.o)
                0x33f850f0                do_go
 .text          0x33f85178      0xffc common/libcommon.a(cmd_bootm.o)
                0x33f858b8                do_iminfo
                0x33f85a90                do_bootm
                0x33f85178                do_bootd
                0x33f85934                gunzip
                0x33f8519c                print_image_hdr
 .text          0x33f86174      0x154 common/libcommon.a(cmd_cache.o)
                0x33f86240                do_icache
                0x33f861b8                do_dcache
 .text          0x33f862c8       0xd8 common/libcommon.a(cmd_console.o)
                0x33f862c8                do_coninfo
 .text          0x33f863a0      0x33c common/libcommon.a(cmd_date.o)
                0x33f865d0                do_date
                0x33f863e8                mk_date
 .text          0x33f866dc      0x394 common/libcommon.a(cmd_elf.o)
                0x33f8684c                do_bootvx
                0x33f869c8                do_bootelf
                0x33f86730                load_elf_image
                0x33f866dc                valid_elf_image
 .text          0x33f86a70      0xbbc common/libcommon.a(cmd_flash.o)
                0x33f86fdc                flash_sect_erase
                0x33f87370                do_protect
                0x33f86f40                do_flinfo
                0x33f870c0                do_flerase
                0x33f87280                flash_sect_protect
 .text          0x33f8762c      0x2f0 common/libcommon.a(cmd_itest.o)
                0x33f87694                binary_test
                0x33f87870                do_itest
 .text          0x33f8791c      0xe4c common/libcommon.a(cmd_load.o)
                0x33f87c10                send_pad
                0x33f87f08                k_data_char
                0x33f87e18                k_data_init
                0x33f87d38                send_nack
                0x33f881b0                do_load_serial_bin
                0x33f87ea4                k_data_restore
                0x33f87e40                k_data_save
                0x33f87c4c                ktrans
                0x33f8791c                do_load_serial
                0x33f87c78                chk1
                0x33f87cd4                send_ack
                0x33f87f7c                handle_send_packet
                0x33f87ca8                s1_sendpacket
 .text          0x33f88768      0xb28 common/libcommon.a(cmd_mem.o)
                0x33f88abc                do_mem_cmp
                0x33f88c78                do_mem_cp
                0x33f887dc                do_mem_md
                0x33f891d8                do_mem_crc
                0x33f891b0                do_mem_mm
                0x33f88dac                do_mem_base
                0x33f89188                do_mem_nm
                0x33f889f0                do_mem_mw
                0x33f88df0                do_mem_loop
                0x33f88768                cmd_get_data_size
                0x33f88ef4                do_mem_mtest
 .text          0x33f89290       0x9c common/libcommon.a(cmd_misc.o)
                0x33f89290                do_sleep
 .text          0x33f8932c      0x2f0 common/libcommon.a(cmd_net.o)
                0x33f895f8                do_rarpb
                0x33f89610                do_bootp
                0x33f89604                do_tftpb
                0x33f895ec                do_nfs
 .text          0x33f8961c      0x8b8 common/libcommon.a(cmd_nvedit.o)
                0x33f89d68                getenv
                0x33f89cf0                setenv
                0x33f8984c                _do_setenv
                0x33f89690                do_printenv
                0x33f89d28                do_setenv
                0x33f89ea8                do_saveenv
                0x33f89de4                getenv_r
 .text          0x33f89ed4      0x308 common/libcommon.a(command.o)
                0x33f89f74                find_cmd
                0x33f89ef4                do_echo
                0x33f89ed4                do_version
                0x33f8a01c                do_help
 .text          0x33f8a1dc      0x570 common/libcommon.a(console.o)
                0x33f8a5b0                console_init_f
                0x33f8a284                serial_printf
                0x33f8a4f0                had_ctrlc
                0x33f8a480                ctrlc
                0x33f8a5c0                console_init_r
                0x33f8a500                clear_ctrlc
                0x33f8a2bc                fgetc
                0x33f8a454                vprintf
                0x33f8a30c                fputc
                0x33f8a4d8                disable_ctrlc
                0x33f8a33c                fputs
                0x33f8a368                fprintf
                0x33f8a514                dbg
                0x33f8a520                console_assign
                0x33f8a3c0                tstc
                0x33f8a3a8                getc
                0x33f8a41c                printf
                0x33f8a400                puts
                0x33f8a3d8                putc
                0x33f8a2e4                ftstc
 .text          0x33f8a74c       0xf0 common/libcommon.a(devices.o)
                0x33f8a74c                device_register
                0x33f8a770                devices_init
                0x33f8a820                devices_done
 .text          0x33f8a83c     0x108c common/libcommon.a(dlmalloc.o)
                0x33f8b810                malloc_usable_size
                0x33f8a870                malloc_trim
                0x33f8b73c                calloc
                0x33f8b1a0                realloc
                0x33f8ab5c                malloc
                0x33f8a83c                malloc_bin_reloc
                0x33f8b608                memalign
                0x33f8b850                mallopt
                0x33f8b80c                cfree
                0x33f8b724                pvalloc
                0x33f8a948                free
                0x33f8b718                valloc
 .text          0x33f8b8c8      0x124 common/libcommon.a(env_common.o)
                0x33f8b91c                env_get_char_memory
                0x33f8b95c                env_relocate
                0x33f8b93c                env_get_addr
                0x33f8b8c8                env_crc_update
 .text          0x33f8b9ec      0x144 common/libcommon.a(env_flash.o)
                0x33f8ba50                saveenv
                0x33f8bb10                env_relocate_spec
                0x33f8b9ec                env_get_char_spec
                0x33f8b9f8                env_init
 .text          0x33f8bb30       0xc0 common/libcommon.a(exports.o)
                0x33f8bb3c                jumptable_init
                0x33f8bb34                get_version
 .text          0x33f8bbf0      0x3b8 common/libcommon.a(flash.o)
                0x33f8bec8                flash_perror
                0x33f8bcf8                addr2info
                0x33f8bbf0                flash_protect
                0x33f8bd40                flash_write
 .text          0x33f8bfa8      0x3c8 common/libcommon.a(lists.o)
                0x33f8c100                ListSetAllocationPolicy
                0x33f8c118                ListInsertItems
                0x33f8c008                DisposeHandle
                0x33f8c030                SetHandleSize
                0x33f8c34c                ListGetDataPtr
                0x33f8c2d4                ListGetItems
                0x33f8c358                ListGetItemSize
                0x33f8c0a0                ListCreate
                0x33f8c31c                ListGetPtrToItem
                0x33f8c114                ListDispose
                0x33f8c364                ListNumItems
                0x33f8c2cc                ListInsertItem
                0x33f8c028                GetHandleSize
                0x33f8bfa8                NewHandle
 .text          0x33f8c370      0x2f8 common/libcommon.a(s_record.o)
                0x33f8c3e4                srec_decode
 .text          0x33f8c668      0xa98 common/libcommon.a(xyzModem.o)
                0x33f8d064                xyzModem_error
                0x33f8c6d0                parse_num
                0x33f8cc8c                xyzModem_stream_read
                0x33f8cb18                xyzModem_stream_open
                0x33f8c668                CYGACC_COMM_IF_GETC_TIMEOUT
                0x33f8c6c4                CYGACC_COMM_IF_PUTC
                0x33f8cf8c                xyzModem_stream_terminate
                0x33f8cf34                xyzModem_stream_close
 .text          0x33f8d100       0x24 common/libcommon.a(cmd_info.o)
                0x33f8d100                do_info
 .text          0x33f8d124       0x4c common/libcommon.a(crc16.o)
                0x33f8d124                cyg_crc16
 .text          0x33f8d170       0xfc lib_generic/libgeneric.a(crc32.o)
                0x33f8d170                crc32
 .text          0x33f8d26c       0xb4 lib_generic/libgeneric.a(display_options.o)
                0x33f8d28c                print_size
                0x33f8d26c                display_options
 .text          0x33f8d320      0x5a0 lib_generic/libgeneric.a(string.o)
                0x33f8d748                memcpy
                0x33f8d71c                bcopy
                0x33f8d540                strspn
                0x33f8d360                strcat
                0x33f8d498                strrchr
                0x33f8d3fc                strncmp
                0x33f8d474                strlen
                0x33f8d770                memmove
                0x33f8d664                strsep
                0x33f8d38c                strncat
                0x33f8d5e0                strtok
                0x33f8d33c                strncpy
                0x33f8d6f8                memset
                0x33f8d7d0                memcmp
                0x33f8d4d0                strnlen
                0x33f8d890                memchr
                0x33f8d828                strstr
                0x33f8d3cc                strcmp
                0x33f8d69c                strswab
                0x33f8d5a0                strpbrk
                0x33f8d444                strchr
                0x33f8d804                memscan
                0x33f8d508                strdup
                0x33f8d320                strcpy
 .text          0x33f8d8c0      0x7a4 lib_generic/libgeneric.a(vsprintf.o)
                0x33f8d974                simple_strtol
                0x33f8dc14                vsprintf
                0x33f8dffc                sprintf
                0x33f8d8c0                simple_strtoul
                0x33f8e01c                panic
 .text          0x33f8e064     0x2be8 lib_generic/libgeneric.a(zlib.o)
                0x33f8e234                inflateReset
                0x33f8e194                inflateEnd
                0x33f8e508                inflateInit
                0x33f8ee30                inflate
                0x33f8e560                inflateIncomp
                0x33f8e29c                inflateSync
                0x33f8e3a8                inflateInit2
                0x33f90ad8                adler32
 .text          0x33f90c4c      0x1a4 board/S3C2440A/libS3C2440A.a(S3C2440A.o)
                0x33f90dd0                dram_init
                0x33f90c4c                board_init
 .text          0x33f90df0      0x568 board/S3C2440A/libS3C2440A.a(flash.o)
                0x33f90df0                flash_init
                0x33f911cc                write_buff
                0x33f91090                flash_erase
                0x33f90f48                flash_print_info
 .text          0x33f91358      0x118 cpu/arm920t/libarm920t.a(cpu.o)
                0x33f91410                icache_status
                0x33f913d8                icache_enable
                0x33f913f4                icache_disable
                0x33f91424                dcache_enable
                0x33f91398                cleanup_before_linux
                0x33f913c0                do_reset
                0x33f91390                cpu_init
                0x33f91440                dcache_disable
                0x33f9145c                dcache_status
 .text          0x33f91470       0xdc cpu/arm920t/s3c24x0/libs3c24x0.a(serial.o)
                0x33f91514                serial_tstc
                0x33f91524                serial_puts
                0x33f914c4                serial_init
                0x33f914ec                serial_putc
                0x33f914d4                serial_getc
                0x33f91470                serial_setbrg
 *fill*         0x33f9154c       0x14 00
 .text          0x33f91560      0x140 lib_arm/libarm.a(_divsi3.o)
                0x33f91560                __divsi3
 .text          0x33f916a0      0x100 lib_arm/libarm.a(_modsi3.o)
                0x33f916a0                __modsi3
 .text          0x33f917a0       0xb4 lib_arm/libarm.a(_umodsi3.o)
                0x33f917a0                __umodsi3
 .text          0x33f91854      0x274 lib_arm/libarm.a(armlinux.o)
                0x33f91854                do_bootm_linux
 .text          0x33f91ac8        0x4 lib_arm/libarm.a(cache.o)
                0x33f91ac8                flush_cache
 .text          0x33f91acc      0x2b8 rtc/librtc.a(date.o)
                0x33f91acc                GregorianDay
                0x33f91ce4                mktime
                0x33f91bbc                to_tm
 .text          0x33f91d84      0x214 rtc/librtc.a(s3c24x0_rtc.o)
                0x33f91ebc                rtc_set
                0x33f91dd0                rtc_get
                0x33f91f74                rtc_reset

.glue_7         0x33f91f98        0x0

.glue_7t        0x33f91f98        0x0
                0x33f91f98                . = ALIGN (0x4)

.rodata         0x33f91f98      0x6fc
 *(.rodata)
 .rodata        0x33f91f98       0x80 cpu/arm920t/libarm920t.a(interrupts.o)
 .rodata        0x33f92018       0x28 lib_arm/libarm.a(board.o)
                0x33f92018                version_string
 .rodata        0x33f92040        0x8 net/libnet.a(net.o)
 .rodata        0x33f92048        0x8 drivers/libdrivers.a(cs8900.o)
 .rodata        0x33f92050       0x14 common/libcommon.a(cmd_nvedit.o)
 .rodata        0x33f92064      0x200 common/libcommon.a(crc16.o)
 .rodata        0x33f92264      0x400 lib_generic/libgeneric.a(crc32.o)
 .rodata        0x33f92664       0x30 rtc/librtc.a(date.o)

.rodata.str1.4  0x33f92694     0x3cb7
 .rodata.str1.4
                0x33f92694      0x293 cpu/arm920t/libarm920t.a(interrupts.o)
                                0x29c (size before relaxing)
 *fill*         0x33f92927        0x1 00
 .rodata.str1.4
                0x33f92928       0x75 lib_arm/libarm.a(board.o)
                                 0x7c (size before relaxing)
 *fill*         0x33f9299d        0x3 00
 .rodata.str1.4
                0x33f929a0      0x1c9 net/libnet.a(net.o)
                                0x1cc (size before relaxing)
 *fill*         0x33f92b69        0x3 00
 .rodata.str1.4
                0x33f92b6c      0x1cb net/libnet.a(tftp.o)
                                0x1d4 (size before relaxing)
 *fill*         0x33f92d37        0x1 00
 .rodata.str1.4
                0x33f92d38       0x84 net/libnet.a(bootp.o)
                                 0xb8 (size before relaxing)
 .rodata.str1.4
                0x33f92dbc       0x13 net/libnet.a(rarp.o)
                                 0x4c (size before relaxing)
 *fill*         0x33f92dcf        0x1 00
 .rodata.str1.4
                0x33f92dd0      0x101 net/libnet.a(nfs.o)
                                0x18c (size before relaxing)
 *fill*         0x33f92ed1        0x3 00
 .rodata.str1.4
                0x33f92ed4       0xd2 drivers/libdrivers.a(cs8900.o)
                                 0xdc (size before relaxing)
 *fill*         0x33f92fa6        0x2 00
 .rodata.str1.4
                0x33f92fa8      0x108 common/libcommon.a(main.o)
 .rodata.str1.4
                0x33f930b0       0xf6 common/libcommon.a(cmd_autoscript.o)
                                 0xf8 (size before relaxing)
 *fill*         0x33f931a6        0x2 00
 .rodata.str1.4
                0x33f931a8       0xbf common/libcommon.a(cmd_bdinfo.o)
                                 0xc0 (size before relaxing)
 *fill*         0x33f93267        0x1 00
 .rodata.str1.4
                0x33f93268      0x10b common/libcommon.a(cmd_boot.o)
                                0x118 (size before relaxing)
 *fill*         0x33f93373        0x1 00
 .rodata.str1.4
                0x33f93374      0x8c5 common/libcommon.a(cmd_bootm.o)
                                0x908 (size before relaxing)
 *fill*         0x33f93c39        0x3 00
 .rodata.str1.4
                0x33f93c3c      0x125 common/libcommon.a(cmd_cache.o)
                                0x13c (size before relaxing)
 *fill*         0x33f93d61        0x3 00
 .rodata.str1.4
                0x33f93d64       0x70 common/libcommon.a(cmd_console.o)
                                 0x74 (size before relaxing)
 .rodata.str1.4
                0x33f93dd4      0x16c common/libcommon.a(cmd_date.o)
                                0x180 (size before relaxing)
 .rodata.str1.4
                0x33f93f40      0x2d7 common/libcommon.a(cmd_elf.o)
                                0x2f0 (size before relaxing)
 *fill*         0x33f94217        0x1 00
 .rodata.str1.4
                0x33f94218      0x767 common/libcommon.a(cmd_flash.o)
                                0x780 (size before relaxing)
 *fill*         0x33f9497f        0x1 00
 .rodata.str1.4
                0x33f94980       0xce common/libcommon.a(cmd_itest.o)
                                 0xdc (size before relaxing)
 *fill*         0x33f94a4e        0x2 00
 .rodata.str1.4
                0x33f94a50      0x37c common/libcommon.a(cmd_load.o)
                                0x398 (size before relaxing)
 .rodata.str1.4
                0x33f94dcc      0x629 common/libcommon.a(cmd_mem.o)
                                0x648 (size before relaxing)
 *fill*         0x33f953f5        0x3 00
 .rodata.str1.4
                0x33f953f8       0x70 common/libcommon.a(cmd_misc.o)
                                 0x7c (size before relaxing)
 .rodata.str1.4
                0x33f95468      0x1ad common/libcommon.a(cmd_net.o)
                                0x1fc (size before relaxing)
 *fill*         0x33f95615        0x3 00
 .rodata.str1.4
                0x33f95618      0x31d common/libcommon.a(cmd_nvedit.o)
                                0x3b0 (size before relaxing)
 *fill*         0x33f95935        0x3 00
 .rodata.str1.4
                0x33f95938      0x27e common/libcommon.a(command.o)
                                0x280 (size before relaxing)
 *fill*         0x33f95bb6        0x2 00
 .rodata.str1.4
                0x33f95bb8       0x75 common/libcommon.a(console.o)
                                 0x7c (size before relaxing)
 *fill*         0x33f95c2d        0x3 00
 .rodata.str1.4
                0x33f95c30       0x2f common/libcommon.a(devices.o)
                                 0x48 (size before relaxing)
 *fill*         0x33f95c5f        0x1 00
 .rodata.str1.4
                0x33f95c60       0x33 common/libcommon.a(env_common.o)
                                 0x34 (size before relaxing)
 *fill*         0x33f95c93        0x1 00
 .rodata.str1.4
                0x33f95c94       0x31 common/libcommon.a(env_flash.o)
                                 0x3c (size before relaxing)
 *fill*         0x33f95cc5        0x3 00
 .rodata.str1.4
                0x33f95cc8      0x11d common/libcommon.a(flash.o)
                                0x120 (size before relaxing)
 *fill*         0x33f95de5        0x3 00
 .rodata.str1.4
                0x33f95de8       0xf2 common/libcommon.a(xyzModem.o)
                                 0xf8 (size before relaxing)
 *fill*         0x33f95eda        0x2 00
 .rodata.str1.4
                0x33f95edc       0x88 common/libcommon.a(cmd_info.o)
 .rodata.str1.4
                0x33f95f64       0x17 lib_generic/libgeneric.a(display_options.o)
                                 0x20 (size before relaxing)
 *fill*         0x33f95f7b        0x1 00
 .rodata.str1.4
                0x33f95f7c       0x57 lib_generic/libgeneric.a(vsprintf.o)
                                 0x58 (size before relaxing)
 *fill*         0x33f95fd3        0x1 00
 .rodata.str1.4
                0x33f95fd4      0x20d lib_generic/libgeneric.a(zlib.o)
                                0x214 (size before relaxing)
 *fill*         0x33f961e1        0x3 00
 .rodata.str1.4
                0x33f961e4      0x109 board/S3C2440A/libS3C2440A.a(flash.o)
                                0x110 (size before relaxing)
 *fill*         0x33f962ed        0x3 00
 .rodata.str1.4
                0x33f962f0       0x5b lib_arm/libarm.a(armlinux.o)
                                 0xb8 (size before relaxing)
                0x33f9634c                . = ALIGN (0x4)

.data           0x33f9634c      0x934
 *(.data)
 .data          0x33f9634c       0x2c lib_arm/libarm.a(board.o)
                0x33f9634c                init_sequence
 .data          0x33f96378        0xa net/libnet.a(net.o)
                0x33f9637a                NetOurVLAN
                0x33f96378                NetOurNativeVLAN
                0x33f9637c                NetBcastAddr
 *fill*         0x33f96382        0x2 00
 .data          0x33f96384        0x4 net/libnet.a(nfs.o)
 .data          0x33f96388       0x10 common/libcommon.a(main.o)
 .data          0x33f96398        0x4 common/libcommon.a(cmd_bootm.o)
                0x33f96398                load_addr
 .data          0x33f9639c       0x1c common/libcommon.a(cmd_date.o)
                0x33f9639c                weekdays
 .data          0x33f963b8       0x68 common/libcommon.a(cmd_itest.o)
                0x33f963b8                op_table
 .data          0x33f96420        0x4 common/libcommon.a(cmd_load.o)
 .data          0x33f96424        0x4 common/libcommon.a(cmd_mem.o)
                0x33f96424                dp_last_length
 .data          0x33f96428        0xc common/libcommon.a(devices.o)
                0x33f96428                stdio_names
 .data          0x33f96434      0x414 common/libcommon.a(dlmalloc.o)
 .data          0x33f96848       0x5c common/libcommon.a(env_common.o)
                0x33f96848                default_environment
                0x33f968a0                env_get_char
 .data          0x33f968a4        0xc common/libcommon.a(env_flash.o)
                0x33f968a8                env_name_spec
                0x33f968a4                env_ptr
 .data          0x33f968b0      0x2a0 lib_generic/libgeneric.a(zlib.o)
                0x33f968b0                z_errmsg
                0x33f968d0                zlib_version
 .data          0x33f96b50      0x100 lib_generic/libgeneric.a(ctype.o)
                0x33f96b50                _ctype
 .data          0x33f96c50       0x30 rtc/librtc.a(date.o)
                0x33f96c80                . = ALIGN (0x4)

.got
 *(.got)
                0x33f96c80                . = .
                0x33f96c80                __u_boot_cmd_start = .

.u_boot_cmd     0x33f96c80      0x450
 *(.u_boot_cmd)
 .u_boot_cmd    0x33f96c80       0x18 common/libcommon.a(cmd_autoscript.o)
                0x33f96c80                __u_boot_cmd_autoscr
 .u_boot_cmd    0x33f96c98       0x18 common/libcommon.a(cmd_bdinfo.o)
                0x33f96c98                __u_boot_cmd_bdinfo
 .u_boot_cmd    0x33f96cb0       0x30 common/libcommon.a(cmd_boot.o)
                0x33f96cb0                __u_boot_cmd_reset
                0x33f96cc8                __u_boot_cmd_go
 .u_boot_cmd    0x33f96ce0       0x78 common/libcommon.a(cmd_bootm.o)
                0x33f96d40                __u_boot_cmd_bootm
                0x33f96cf8                __u_boot_cmd_iminfo
                0x33f96ce0                __u_boot_cmd_imls
                0x33f96d10                __u_boot_cmd_bootd
                0x33f96d28                __u_boot_cmd_boot
 .u_boot_cmd    0x33f96d58       0x30 common/libcommon.a(cmd_cache.o)
                0x33f96d58                __u_boot_cmd_dcache
                0x33f96d70                __u_boot_cmd_icache
 .u_boot_cmd    0x33f96d88       0x18 common/libcommon.a(cmd_console.o)
                0x33f96d88                __u_boot_cmd_coninfo
 .u_boot_cmd    0x33f96da0       0x18 common/libcommon.a(cmd_date.o)
                0x33f96da0                __u_boot_cmd_date
 .u_boot_cmd    0x33f96db8       0x30 common/libcommon.a(cmd_elf.o)
                0x33f96dd0                __u_boot_cmd_bootelf
                0x33f96db8                __u_boot_cmd_bootvx
 .u_boot_cmd    0x33f96de8       0x48 common/libcommon.a(cmd_flash.o)
                0x33f96e18                __u_boot_cmd_flinfo
                0x33f96de8                __u_boot_cmd_protect
                0x33f96e00                __u_boot_cmd_erase
 .u_boot_cmd    0x33f96e30       0x18 common/libcommon.a(cmd_itest.o)
                0x33f96e30                __u_boot_cmd_itest
 .u_boot_cmd    0x33f96e48       0x48 common/libcommon.a(cmd_load.o)
                0x33f96e48                __u_boot_cmd_loady
                0x33f96e78                __u_boot_cmd_loads
                0x33f96e60                __u_boot_cmd_loadb
 .u_boot_cmd    0x33f96e90       0xf0 common/libcommon.a(cmd_mem.o)
                0x33f96f50                __u_boot_cmd_mm
                0x33f96f08                __u_boot_cmd_cp
                0x33f96ea8                __u_boot_cmd_loop
                0x33f96ec0                __u_boot_cmd_base
                0x33f96f20                __u_boot_cmd_mw
                0x33f96ef0                __u_boot_cmd_cmp
                0x33f96f38                __u_boot_cmd_nm
                0x33f96e90                __u_boot_cmd_mtest
                0x33f96ed8                __u_boot_cmd_crc32
                0x33f96f68                __u_boot_cmd_md
 .u_boot_cmd    0x33f96f80       0x18 common/libcommon.a(cmd_misc.o)
                0x33f96f80                __u_boot_cmd_sleep
 .u_boot_cmd    0x33f96f98       0x60 common/libcommon.a(cmd_net.o)
                0x33f96f98                __u_boot_cmd_nfs
                0x33f96fb0                __u_boot_cmd_rarpboot
                0x33f96fe0                __u_boot_cmd_bootp
                0x33f96fc8                __u_boot_cmd_tftpboot
 .u_boot_cmd    0x33f96ff8       0x60 common/libcommon.a(cmd_nvedit.o)
                0x33f97028                __u_boot_cmd_setenv
                0x33f97040                __u_boot_cmd_printenv
                0x33f97010                __u_boot_cmd_saveenv
                0x33f96ff8                __u_boot_cmd_run
 .u_boot_cmd    0x33f97058       0x60 common/libcommon.a(command.o)
                0x33f970a0                __u_boot_cmd_version
                0x33f97088                __u_boot_cmd_echo
                0x33f97070                __u_boot_cmd_help
                0x33f97058                __u_boot_cmd_question_mark
 .u_boot_cmd    0x33f970b8       0x18 common/libcommon.a(cmd_info.o)
                0x33f970b8                __u_boot_cmd_info
                0x33f970d0                __u_boot_cmd_end = .
                0x33f970d0                . = ALIGN (0x4)
                0x33f970d0                __bss_start = .

.bss            0x33f970d0     0x47a0
 *(.bss)
 .bss           0x33f970d0        0xc cpu/arm920t/s3c24x0/libs3c24x0.a(interrupts.o)
                0x33f970d0                timer_load_val
 .bss           0x33f970dc       0x10 lib_arm/libarm.a(board.o)
                0x33f970dc                monitor_flash_len
 .bss           0x33f970ec     0x25c0 net/libnet.a(net.o)
                0x33f97240                PktBuf
                0x33f97180                NetOurDNSIP
                0x33f971a0                NetRxPackets
                0x33f9713e                NetOurHostName
                0x33f97198                NetOurIP
                0x33f97184                NetOurGatewayIP
                0x33f971c0                BootFile
                0x33f970ec                NetTxPacket
                0x33f99074                NetArpWaitPacketBuf
                0x33f9715e                NetOurNISDomain
                0x33f970fe                NetOurRootPath
                0x33f970f6                NetServerEther
                0x33f971bc                NetState
                0x33f97188                NetOurSubnetMask
                0x33f99060                NetArpWaitPacketIP
                0x33f99694                NetArpWaitTimerStart
                0x33f9719c                NetServerIP
                0x33f970f0                NetEtherNullAddr
                0x33f99064                NetArpWaitReplyIP
                0x33f99068                NetArpWaitPacketMAC
                0x33f97190                NetOurEther
                0x33f971b8                NetIPID
                0x33f99070                NetArpWaitTxPacketSize
                0x33f9906c                NetArpWaitTxPacket
                0x33f970fc                NetBootFileSize
                0x33f99698                NetArpWaitTry
                0x33f971b4                NetRxPktLen
                0x33f9718c                NetBootFileXferSize
                0x33f971b0                NetRxPkt
 .bss           0x33f996ac       0x34 net/libnet.a(tftp.o)
 .bss           0x33f996e0        0x8 net/libnet.a(bootp.o)
                0x33f996e4                BootpTry
                0x33f996e0                BootpID
 .bss           0x33f996e8        0x4 net/libnet.a(rarp.o)
                0x33f996e8                RarpTry
 .bss           0x33f996ec      0x8b0 net/libnet.a(nfs.o)
 .bss           0x33f99f9c      0x200 common/libcommon.a(main.o)
                0x33f99f9c                console_buffer
 .bss           0x33f9a19c       0x40 common/libcommon.a(cmd_bootm.o)
                0x33f9a19c                header
 .bss           0x33f9a1dc       0x88 common/libcommon.a(cmd_load.o)
                0x33f9a200                his_eol
                0x33f9a20c                os_data_init
                0x33f9a1dc                os_data_count
                0x33f9a208                his_pad_char
                0x33f9a228                send_ptr
                0x33f9a209                his_quote
                0x33f9a214                send_parms
                0x33f9a210                os_data_char
                0x33f9a204                his_pad_count
                0x33f9a1e0                os_data_header
 .bss           0x33f9a264       0x14 common/libcommon.a(cmd_mem.o)
                0x33f9a268                dp_last_size
                0x33f9a270                mm_last_size
                0x33f9a26c                mm_last_addr
                0x33f9a264                dp_last_addr
 .bss           0x33f9a278        0x8 common/libcommon.a(console.o)
 .bss           0x33f9a280       0x10 common/libcommon.a(devices.o)
                0x33f9a280                stdio_devices
                0x33f9a28c                devlist
 .bss           0x33f9a290       0x3c common/libcommon.a(dlmalloc.o)
 .bss           0x33f9a2cc      0x43c common/libcommon.a(xyzModem.o)
 .bss           0x33f9a708        0x4 lib_generic/libgeneric.a(string.o)
                0x33f9a708                ___strtok
 .bss           0x33f9a70c     0x10a8 lib_generic/libgeneric.a(zlib.o)
 .bss           0x33f9b7b4       0xbc board/S3C2440A/libS3C2440A.a(flash.o)
                0x33f9b7b4                flash_info
                0x33f9b870                _end = .
Address of section .text set to 0x33f80000
LOAD cpu/arm920t/start.o
START GROUP
LOAD lib_generic/libgeneric.a
LOAD board/S3C2440A/libS3C2440A.a
LOAD cpu/arm920t/libarm920t.a
LOAD cpu/arm920t/s3c24x0/libs3c24x0.a
LOAD lib_arm/libarm.a
LOAD fs/cramfs/libcramfs.a
LOAD fs/fat/libfat.a
LOAD fs/fdos/libfdos.a
LOAD fs/jffs2/libjffs2.a
LOAD fs/reiserfs/libreiserfs.a
LOAD fs/ext2/libext2fs.a
LOAD net/libnet.a
LOAD disk/libdisk.a
LOAD rtc/librtc.a
LOAD dtt/libdtt.a
LOAD drivers/libdrivers.a
LOAD drivers/nand/libnand.a
LOAD drivers/nand_legacy/libnand_legacy.a
LOAD drivers/sk98lin/libsk98lin.a
LOAD post/libpost.a
LOAD post/cpu/libcpu.a
LOAD common/libcommon.a
END GROUP
LOAD /work/JZ2440_DC/tools/gcc-3.4.5-glibc-2.3.6/bin/../lib/gcc/arm-linux/3.4.5/libgcc.a
OUTPUT(u-boot elf32-littlearm)

.debug_line     0x00000000     0x5bf6
 .debug_line    0x00000000       0xa3 cpu/arm920t/start.o
 .debug_line    0x000000a3       0x46 board/S3C2440A/libS3C2440A.a(lowlevel_init.o)
 .debug_line    0x000000e9       0xb6 cpu/arm920t/libarm920t.a(interrupts.o)
 .debug_line    0x0000019f      0x13a cpu/arm920t/s3c24x0/libs3c24x0.a(interrupts.o)
 .debug_line    0x000002d9      0x174 cpu/arm920t/s3c24x0/libs3c24x0.a(speed.o)
 .debug_line    0x0000044d       0x5c lib_arm/libarm.a(_udivsi3.o)
 .debug_line    0x000004a9      0x197 lib_arm/libarm.a(board.o)
 .debug_line    0x00000640       0x33 lib_arm/libarm.a(div0.o)
 .debug_line    0x00000673      0x610 net/libnet.a(net.o)
 .debug_line    0x00000c83      0x26e net/libnet.a(tftp.o)
 .debug_line    0x00000ef1      0x2b1 net/libnet.a(bootp.o)
 .debug_line    0x000011a2       0xe8 net/libnet.a(rarp.o)
 .debug_line    0x0000128a       0xa9 net/libnet.a(eth.o)
 .debug_line    0x00001333      0x48a net/libnet.a(nfs.o)
 .debug_line    0x000017bd      0x177 drivers/libdrivers.a(cs8900.o)
 .debug_line    0x00001934      0x1eb common/libcommon.a(main.o)
 .debug_line    0x00001b1f      0x1de common/libcommon.a(cmd_autoscript.o)
 .debug_line    0x00001cfd      0x10d common/libcommon.a(cmd_bdinfo.o)
 .debug_line    0x00001e0a       0xc3 common/libcommon.a(cmd_boot.o)
 .debug_line    0x00001ecd      0x4dd common/libcommon.a(cmd_bootm.o)
 .debug_line    0x000023aa       0xa3 common/libcommon.a(cmd_cache.o)
 .debug_line    0x0000244d       0x9e common/libcommon.a(cmd_console.o)
 .debug_line    0x000024eb      0x14e common/libcommon.a(cmd_date.o)
 .debug_line    0x00002639      0x196 common/libcommon.a(cmd_elf.o)
 .debug_line    0x000027cf      0x23a common/libcommon.a(cmd_flash.o)
 .debug_line    0x00002a09      0x108 common/libcommon.a(cmd_itest.o)
 .debug_line    0x00002b11      0x384 common/libcommon.a(cmd_load.o)
 .debug_line    0x00002e95      0x28c common/libcommon.a(cmd_mem.o)
 .debug_line    0x00003121       0xbc common/libcommon.a(cmd_misc.o)
 .debug_line    0x000031dd      0x112 common/libcommon.a(cmd_net.o)
 .debug_line    0x000032ef      0x28b common/libcommon.a(cmd_nvedit.o)
 .debug_line    0x0000357a      0x108 common/libcommon.a(command.o)
 .debug_line    0x00003682      0x24b common/libcommon.a(console.o)
 .debug_line    0x000038cd      0x132 common/libcommon.a(devices.o)
 .debug_line    0x000039ff      0x388 common/libcommon.a(dlmalloc.o)
 .debug_line    0x00003d87      0x131 common/libcommon.a(env_common.o)
 .debug_line    0x00003eb8      0x147 common/libcommon.a(env_flash.o)
 .debug_line    0x00003fff       0xc9 common/libcommon.a(exports.o)
 .debug_line    0x000040c8      0x133 common/libcommon.a(flash.o)
 .debug_line    0x000041fb       0xfc common/libcommon.a(lists.o)
 .debug_line    0x000042f7       0xfe common/libcommon.a(s_record.o)
 .debug_line    0x000043f5      0x21f common/libcommon.a(xyzModem.o)
 .debug_line    0x00004614       0x71 common/libcommon.a(cmd_info.o)
 .debug_line    0x00004685       0xb1 common/libcommon.a(crc16.o)
 .debug_line    0x00004736       0x7c lib_generic/libgeneric.a(crc32.o)
 .debug_line    0x000047b2       0x96 lib_generic/libgeneric.a(display_options.o)
 .debug_line    0x00004848      0x1a8 lib_generic/libgeneric.a(string.o)
 .debug_line    0x000049f0      0x1dc lib_generic/libgeneric.a(vsprintf.o)
 .debug_line    0x00004bcc      0x5ca lib_generic/libgeneric.a(zlib.o)
 .debug_line    0x00005196       0x25 lib_generic/libgeneric.a(ctype.o)
 .debug_line    0x000051bb      0x167 board/S3C2440A/libS3C2440A.a(S3C2440A.o)
 .debug_line    0x00005322      0x1a1 board/S3C2440A/libS3C2440A.a(flash.o)
 .debug_line    0x000054c3       0xd1 cpu/arm920t/libarm920t.a(cpu.o)
 .debug_line    0x00005594      0x140 cpu/arm920t/s3c24x0/libs3c24x0.a(serial.o)
 .debug_line    0x000056d4       0x63 lib_arm/libarm.a(_divsi3.o)
 .debug_line    0x00005737       0x51 lib_arm/libarm.a(_modsi3.o)
 .debug_line    0x00005788       0x63 lib_arm/libarm.a(_umodsi3.o)
 .debug_line    0x000057eb      0x1f0 lib_arm/libarm.a(armlinux.o)
 .debug_line    0x000059db       0x34 lib_arm/libarm.a(cache.o)
 .debug_line    0x00005a0f       0xbb rtc/librtc.a(date.o)
 .debug_line    0x00005aca      0x12c rtc/librtc.a(s3c24x0_rtc.o)

.debug_info     0x00000000    0x12be7
 .debug_info    0x00000000       0x5c cpu/arm920t/start.o
 .debug_info    0x0000005c       0x67 board/S3C2440A/libS3C2440A.a(lowlevel_init.o)
 .debug_info    0x000000c3      0x242 cpu/arm920t/libarm920t.a(interrupts.o)
 .debug_info    0x00000305      0x439 cpu/arm920t/s3c24x0/libs3c24x0.a(interrupts.o)
 .debug_info    0x0000073e      0x3f7 cpu/arm920t/s3c24x0/libs3c24x0.a(speed.o)
 .debug_info    0x00000b35       0x5b lib_arm/libarm.a(_udivsi3.o)
 .debug_info    0x00000b90      0x4dd lib_arm/libarm.a(board.o)
 .debug_info    0x0000106d       0x44 lib_arm/libarm.a(div0.o)
 .debug_info    0x000010b1     0x14ed net/libnet.a(net.o)
 .debug_info    0x0000259e      0x41a net/libnet.a(tftp.o)
 .debug_info    0x000029b8      0x8c2 net/libnet.a(bootp.o)
 .debug_info    0x0000327a      0x245 net/libnet.a(rarp.o)
 .debug_info    0x000034bf      0x17d net/libnet.a(eth.o)
 .debug_info    0x0000363c      0xe3a net/libnet.a(nfs.o)
 .debug_info    0x00004476      0x489 drivers/libdrivers.a(cs8900.o)
 .debug_info    0x000048ff      0x620 common/libcommon.a(main.o)
 .debug_info    0x00004f1f      0x3fc common/libcommon.a(cmd_autoscript.o)
 .debug_info    0x0000531b      0x368 common/libcommon.a(cmd_bdinfo.o)
 .debug_info    0x00005683      0x1c8 common/libcommon.a(cmd_boot.o)
 .debug_info    0x0000584b     0x1363 common/libcommon.a(cmd_bootm.o)
 .debug_info    0x00006bae      0x218 common/libcommon.a(cmd_cache.o)
 .debug_info    0x00006dc6      0x37d common/libcommon.a(cmd_console.o)
 .debug_info    0x00007143      0x4fb common/libcommon.a(cmd_date.o)
 .debug_info    0x0000763e      0x506 common/libcommon.a(cmd_elf.o)
 .debug_info    0x00007b44      0x7ad common/libcommon.a(cmd_flash.o)
 .debug_info    0x000082f1      0x42a common/libcommon.a(cmd_itest.o)
 .debug_info    0x0000871b      0xd34 common/libcommon.a(cmd_load.o)
 .debug_info    0x0000944f      0xa16 common/libcommon.a(cmd_mem.o)
 .debug_info    0x00009e65      0x1aa common/libcommon.a(cmd_misc.o)
 .debug_info    0x0000a00f      0x4c3 common/libcommon.a(cmd_net.o)
 .debug_info    0x0000a4d2      0x825 common/libcommon.a(cmd_nvedit.o)
 .debug_info    0x0000acf7      0x3f4 common/libcommon.a(command.o)
 .debug_info    0x0000b0eb      0x855 common/libcommon.a(console.o)
 .debug_info    0x0000b940      0x485 common/libcommon.a(devices.o)
 .debug_info    0x0000bdc5      0xb59 common/libcommon.a(dlmalloc.o)
 .debug_info    0x0000c91e      0x364 common/libcommon.a(env_common.o)
 .debug_info    0x0000cc82      0x376 common/libcommon.a(env_flash.o)
 .debug_info    0x0000cff8      0x255 common/libcommon.a(exports.o)
 .debug_info    0x0000d24d      0x2f5 common/libcommon.a(flash.o)
 .debug_info    0x0000d542      0x4df common/libcommon.a(lists.o)
 .debug_info    0x0000da21      0x17a common/libcommon.a(s_record.o)
 .debug_info    0x0000db9b      0x625 common/libcommon.a(xyzModem.o)
 .debug_info    0x0000e1c0      0x185 common/libcommon.a(cmd_info.o)
 .debug_info    0x0000e345      0x10f common/libcommon.a(crc16.o)
 .debug_info    0x0000e454      0x12a lib_generic/libgeneric.a(crc32.o)
 .debug_info    0x0000e57e      0x120 lib_generic/libgeneric.a(display_options.o)
 .debug_info    0x0000e69e      0x828 lib_generic/libgeneric.a(string.o)
 .debug_info    0x0000eec6      0x401 lib_generic/libgeneric.a(vsprintf.o)
 .debug_info    0x0000f2c7     0x16ca lib_generic/libgeneric.a(zlib.o)
 .debug_info    0x00010991       0x56 lib_generic/libgeneric.a(ctype.o)
 .debug_info    0x000109e7      0x68e board/S3C2440A/libS3C2440A.a(S3C2440A.o)
 .debug_info    0x00011075      0x3c2 board/S3C2440A/libS3C2440A.a(flash.o)
 .debug_info    0x00011437      0x2f0 cpu/arm920t/libarm920t.a(cpu.o)
 .debug_info    0x00011727      0x47f cpu/arm920t/s3c24x0/libs3c24x0.a(serial.o)
 .debug_info    0x00011ba6       0x5a lib_arm/libarm.a(_divsi3.o)
 .debug_info    0x00011c00       0x5a lib_arm/libarm.a(_modsi3.o)
 .debug_info    0x00011c5a       0x5b lib_arm/libarm.a(_umodsi3.o)
 .debug_info    0x00011cb5      0x58b lib_arm/libarm.a(armlinux.o)
 .debug_info    0x00012240       0xa8 lib_arm/libarm.a(cache.o)
 .debug_info    0x000122e8      0x253 rtc/librtc.a(date.o)
 .debug_info    0x0001253b      0x6ac rtc/librtc.a(s3c24x0_rtc.o)

.debug_abbrev   0x00000000     0x4fa9
 .debug_abbrev  0x00000000       0x14 cpu/arm920t/start.o
 .debug_abbrev  0x00000014       0x14 board/S3C2440A/libS3C2440A.a(lowlevel_init.o)
 .debug_abbrev  0x00000028       0xe0 cpu/arm920t/libarm920t.a(interrupts.o)
 .debug_abbrev  0x00000108      0x1c8 cpu/arm920t/s3c24x0/libs3c24x0.a(interrupts.o)
 .debug_abbrev  0x000002d0      0x147 cpu/arm920t/s3c24x0/libs3c24x0.a(speed.o)
 .debug_abbrev  0x00000417       0x14 lib_arm/libarm.a(_udivsi3.o)
 .debug_abbrev  0x0000042b      0x1fc lib_arm/libarm.a(board.o)
 .debug_abbrev  0x00000627       0x3a lib_arm/libarm.a(div0.o)
 .debug_abbrev  0x00000661      0x2e2 net/libnet.a(net.o)
 .debug_abbrev  0x00000943      0x19e net/libnet.a(tftp.o)
 .debug_abbrev  0x00000ae1      0x261 net/libnet.a(bootp.o)
 .debug_abbrev  0x00000d42      0x108 net/libnet.a(rarp.o)
 .debug_abbrev  0x00000e4a       0xac net/libnet.a(eth.o)
 .debug_abbrev  0x00000ef6      0x2e3 net/libnet.a(nfs.o)
 .debug_abbrev  0x000011d9      0x1d7 drivers/libdrivers.a(cs8900.o)
 .debug_abbrev  0x000013b0      0x208 common/libcommon.a(main.o)
 .debug_abbrev  0x000015b8      0x141 common/libcommon.a(cmd_autoscript.o)
 .debug_abbrev  0x000016f9      0x119 common/libcommon.a(cmd_bdinfo.o)
 .debug_abbrev  0x00001812       0xd6 common/libcommon.a(cmd_boot.o)
 .debug_abbrev  0x000018e8      0x2c2 common/libcommon.a(cmd_bootm.o)
 .debug_abbrev  0x00001baa       0xe5 common/libcommon.a(cmd_cache.o)
 .debug_abbrev  0x00001c8f      0x134 common/libcommon.a(cmd_console.o)
 .debug_abbrev  0x00001dc3      0x15a common/libcommon.a(cmd_date.o)
 .debug_abbrev  0x00001f1d      0x178 common/libcommon.a(cmd_elf.o)
 .debug_abbrev  0x00002095      0x1a4 common/libcommon.a(cmd_flash.o)
 .debug_abbrev  0x00002239      0x17f common/libcommon.a(cmd_itest.o)
 .debug_abbrev  0x000023b8      0x301 common/libcommon.a(cmd_load.o)
 .debug_abbrev  0x000026b9      0x1c0 common/libcommon.a(cmd_mem.o)
 .debug_abbrev  0x00002879       0xc7 common/libcommon.a(cmd_misc.o)
 .debug_abbrev  0x00002940      0x17b common/libcommon.a(cmd_net.o)
 .debug_abbrev  0x00002abb      0x22e common/libcommon.a(cmd_nvedit.o)
 .debug_abbrev  0x00002ce9      0x18b common/libcommon.a(command.o)
 .debug_abbrev  0x00002e74      0x23a common/libcommon.a(console.o)
 .debug_abbrev  0x000030ae      0x15b common/libcommon.a(devices.o)
 .debug_abbrev  0x00003209      0x1d6 common/libcommon.a(dlmalloc.o)
 .debug_abbrev  0x000033df      0x149 common/libcommon.a(env_common.o)
 .debug_abbrev  0x00003528      0x180 common/libcommon.a(env_flash.o)
 .debug_abbrev  0x000036a8       0xf3 common/libcommon.a(exports.o)
 .debug_abbrev  0x0000379b      0x116 common/libcommon.a(flash.o)
 .debug_abbrev  0x000038b1      0x18e common/libcommon.a(lists.o)
 .debug_abbrev  0x00003a3f       0xac common/libcommon.a(s_record.o)
 .debug_abbrev  0x00003aeb      0x214 common/libcommon.a(xyzModem.o)
 .debug_abbrev  0x00003cff       0xb8 common/libcommon.a(cmd_info.o)
 .debug_abbrev  0x00003db7       0x9f common/libcommon.a(crc16.o)
 .debug_abbrev  0x00003e56       0x90 lib_generic/libgeneric.a(crc32.o)
 .debug_abbrev  0x00003ee6       0xc3 lib_generic/libgeneric.a(display_options.o)
 .debug_abbrev  0x00003fa9      0x136 lib_generic/libgeneric.a(string.o)
 .debug_abbrev  0x000040df      0x1ad lib_generic/libgeneric.a(vsprintf.o)
 .debug_abbrev  0x0000428c      0x271 lib_generic/libgeneric.a(zlib.o)
 .debug_abbrev  0x000044fd       0x42 lib_generic/libgeneric.a(ctype.o)
 .debug_abbrev  0x0000453f      0x189 board/S3C2440A/libS3C2440A.a(S3C2440A.o)
 .debug_abbrev  0x000046c8      0x1a8 board/S3C2440A/libS3C2440A.a(flash.o)
 .debug_abbrev  0x00004870      0x124 cpu/arm920t/libarm920t.a(cpu.o)
 .debug_abbrev  0x00004994      0x17c cpu/arm920t/s3c24x0/libs3c24x0.a(serial.o)
 .debug_abbrev  0x00004b10       0x14 lib_arm/libarm.a(_divsi3.o)
 .debug_abbrev  0x00004b24       0x14 lib_arm/libarm.a(_modsi3.o)
 .debug_abbrev  0x00004b38       0x14 lib_arm/libarm.a(_umodsi3.o)
 .debug_abbrev  0x00004b4c      0x173 lib_arm/libarm.a(armlinux.o)
 .debug_abbrev  0x00004cbf       0x4e lib_arm/libarm.a(cache.o)
 .debug_abbrev  0x00004d0d       0xdc rtc/librtc.a(date.o)
 .debug_abbrev  0x00004de9      0x1c0 rtc/librtc.a(s3c24x0_rtc.o)

.debug_aranges  0x00000000      0x780
 .debug_aranges
                0x00000000       0x20 cpu/arm920t/start.o
 .debug_aranges
                0x00000020       0x20 board/S3C2440A/libS3C2440A.a(lowlevel_init.o)
 .debug_aranges
                0x00000040       0x20 cpu/arm920t/libarm920t.a(interrupts.o)
 .debug_aranges
                0x00000060       0x20 cpu/arm920t/s3c24x0/libs3c24x0.a(interrupts.o)
 .debug_aranges
                0x00000080       0x20 cpu/arm920t/s3c24x0/libs3c24x0.a(speed.o)
 .debug_aranges
                0x000000a0       0x20 lib_arm/libarm.a(_udivsi3.o)
 .debug_aranges
                0x000000c0       0x20 lib_arm/libarm.a(board.o)
 .debug_aranges
                0x000000e0       0x20 lib_arm/libarm.a(div0.o)
 .debug_aranges
                0x00000100       0x20 net/libnet.a(net.o)
 .debug_aranges
                0x00000120       0x20 net/libnet.a(tftp.o)
 .debug_aranges
                0x00000140       0x20 net/libnet.a(bootp.o)
 .debug_aranges
                0x00000160       0x20 net/libnet.a(rarp.o)
 .debug_aranges
                0x00000180       0x20 net/libnet.a(eth.o)
 .debug_aranges
                0x000001a0       0x20 net/libnet.a(nfs.o)
 .debug_aranges
                0x000001c0       0x20 drivers/libdrivers.a(cs8900.o)
 .debug_aranges
                0x000001e0       0x20 common/libcommon.a(main.o)
 .debug_aranges
                0x00000200       0x20 common/libcommon.a(cmd_autoscript.o)
 .debug_aranges
                0x00000220       0x20 common/libcommon.a(cmd_bdinfo.o)
 .debug_aranges
                0x00000240       0x20 common/libcommon.a(cmd_boot.o)
 .debug_aranges
                0x00000260       0x20 common/libcommon.a(cmd_bootm.o)
 .debug_aranges
                0x00000280       0x20 common/libcommon.a(cmd_cache.o)
 .debug_aranges
                0x000002a0       0x20 common/libcommon.a(cmd_console.o)
 .debug_aranges
                0x000002c0       0x20 common/libcommon.a(cmd_date.o)
 .debug_aranges
                0x000002e0       0x20 common/libcommon.a(cmd_elf.o)
 .debug_aranges
                0x00000300       0x20 common/libcommon.a(cmd_flash.o)
 .debug_aranges
                0x00000320       0x20 common/libcommon.a(cmd_itest.o)
 .debug_aranges
                0x00000340       0x20 common/libcommon.a(cmd_load.o)
 .debug_aranges
                0x00000360       0x20 common/libcommon.a(cmd_mem.o)
 .debug_aranges
                0x00000380       0x20 common/libcommon.a(cmd_misc.o)
 .debug_aranges
                0x000003a0       0x20 common/libcommon.a(cmd_net.o)
 .debug_aranges
                0x000003c0       0x20 common/libcommon.a(cmd_nvedit.o)
 .debug_aranges
                0x000003e0       0x20 common/libcommon.a(command.o)
 .debug_aranges
                0x00000400       0x20 common/libcommon.a(console.o)
 .debug_aranges
                0x00000420       0x20 common/libcommon.a(devices.o)
 .debug_aranges
                0x00000440       0x20 common/libcommon.a(dlmalloc.o)
 .debug_aranges
                0x00000460       0x20 common/libcommon.a(env_common.o)
 .debug_aranges
                0x00000480       0x20 common/libcommon.a(env_flash.o)
 .debug_aranges
                0x000004a0       0x20 common/libcommon.a(exports.o)
 .debug_aranges
                0x000004c0       0x20 common/libcommon.a(flash.o)
 .debug_aranges
                0x000004e0       0x20 common/libcommon.a(lists.o)
 .debug_aranges
                0x00000500       0x20 common/libcommon.a(s_record.o)
 .debug_aranges
                0x00000520       0x20 common/libcommon.a(xyzModem.o)
 .debug_aranges
                0x00000540       0x20 common/libcommon.a(cmd_info.o)
 .debug_aranges
                0x00000560       0x20 common/libcommon.a(crc16.o)
 .debug_aranges
                0x00000580       0x20 lib_generic/libgeneric.a(crc32.o)
 .debug_aranges
                0x000005a0       0x20 lib_generic/libgeneric.a(display_options.o)
 .debug_aranges
                0x000005c0       0x20 lib_generic/libgeneric.a(string.o)
 .debug_aranges
                0x000005e0       0x20 lib_generic/libgeneric.a(vsprintf.o)
 .debug_aranges
                0x00000600       0x20 lib_generic/libgeneric.a(zlib.o)
 .debug_aranges
                0x00000620       0x20 board/S3C2440A/libS3C2440A.a(S3C2440A.o)
 .debug_aranges
                0x00000640       0x20 board/S3C2440A/libS3C2440A.a(flash.o)
 .debug_aranges
                0x00000660       0x20 cpu/arm920t/libarm920t.a(cpu.o)
 .debug_aranges
                0x00000680       0x20 cpu/arm920t/s3c24x0/libs3c24x0.a(serial.o)
 .debug_aranges
                0x000006a0       0x20 lib_arm/libarm.a(_divsi3.o)
 .debug_aranges
                0x000006c0       0x20 lib_arm/libarm.a(_modsi3.o)
 .debug_aranges
                0x000006e0       0x20 lib_arm/libarm.a(_umodsi3.o)
 .debug_aranges
                0x00000700       0x20 lib_arm/libarm.a(armlinux.o)
 .debug_aranges
                0x00000720       0x20 lib_arm/libarm.a(cache.o)
 .debug_aranges
                0x00000740       0x20 rtc/librtc.a(date.o)
 .debug_aranges
                0x00000760       0x20 rtc/librtc.a(s3c24x0_rtc.o)

.debug_frame    0x00000000     0x2630
 .debug_frame   0x00000000      0x110 cpu/arm920t/libarm920t.a(interrupts.o)
 .debug_frame   0x00000110       0xf8 cpu/arm920t/s3c24x0/libs3c24x0.a(interrupts.o)
 .debug_frame   0x00000208       0x7c cpu/arm920t/s3c24x0/libs3c24x0.a(speed.o)
 .debug_frame   0x00000284       0x9c lib_arm/libarm.a(board.o)
 .debug_frame   0x00000320       0x20 lib_arm/libarm.a(div0.o)
 .debug_frame   0x00000340      0x26c net/libnet.a(net.o)
 .debug_frame   0x000005ac       0x8c net/libnet.a(tftp.o)
 .debug_frame   0x00000638       0x8c net/libnet.a(bootp.o)
 .debug_frame   0x000006c4       0x60 net/libnet.a(rarp.o)
 .debug_frame   0x00000724       0x20 net/libnet.a(eth.o)
 .debug_frame   0x00000744      0x14c net/libnet.a(nfs.o)
 .debug_frame   0x00000890      0x148 drivers/libdrivers.a(cs8900.o)
 .debug_frame   0x000009d8       0xb8 common/libcommon.a(main.o)
 .debug_frame   0x00000a90       0x4c common/libcommon.a(cmd_autoscript.o)
 .debug_frame   0x00000adc       0x3c common/libcommon.a(cmd_bdinfo.o)
 .debug_frame   0x00000b18       0x2c common/libcommon.a(cmd_boot.o)
 .debug_frame   0x00000b44      0x120 common/libcommon.a(cmd_bootm.o)
 .debug_frame   0x00000c64       0x58 common/libcommon.a(cmd_cache.o)
 .debug_frame   0x00000cbc       0x30 common/libcommon.a(cmd_console.o)
 .debug_frame   0x00000cec       0x64 common/libcommon.a(cmd_date.o)
 .debug_frame   0x00000d50       0x88 common/libcommon.a(cmd_elf.o)
 .debug_frame   0x00000dd8      0x124 common/libcommon.a(cmd_flash.o)
 .debug_frame   0x00000efc       0x74 common/libcommon.a(cmd_itest.o)
 .debug_frame   0x00000f70      0x198 common/libcommon.a(cmd_load.o)
 .debug_frame   0x00001108      0x184 common/libcommon.a(cmd_mem.o)
 .debug_frame   0x0000128c       0x30 common/libcommon.a(cmd_misc.o)
 .debug_frame   0x000012bc       0x74 common/libcommon.a(cmd_net.o)
 .debug_frame   0x00001330      0x108 common/libcommon.a(cmd_nvedit.o)
 .debug_frame   0x00001438       0x98 common/libcommon.a(command.o)
 .debug_frame   0x000014d0      0x214 common/libcommon.a(console.o)
 .debug_frame   0x000016e4       0x5c common/libcommon.a(devices.o)
 .debug_frame   0x00001740      0x13c common/libcommon.a(dlmalloc.o)
 .debug_frame   0x0000187c       0x7c common/libcommon.a(env_common.o)
 .debug_frame   0x000018f8       0x68 common/libcommon.a(env_flash.o)
 .debug_frame   0x00001960       0x48 common/libcommon.a(exports.o)
 .debug_frame   0x000019a8       0x80 common/libcommon.a(flash.o)
 .debug_frame   0x00001a28      0x134 common/libcommon.a(lists.o)
 .debug_frame   0x00001b5c       0x64 common/libcommon.a(s_record.o)
 .debug_frame   0x00001bc0      0x128 common/libcommon.a(xyzModem.o)
 .debug_frame   0x00001ce8       0x28 common/libcommon.a(cmd_info.o)
 .debug_frame   0x00001d10       0x28 common/libcommon.a(crc16.o)
 .debug_frame   0x00001d38       0x28 lib_generic/libgeneric.a(crc32.o)
 .debug_frame   0x00001d60       0x48 lib_generic/libgeneric.a(display_options.o)
 .debug_frame   0x00001da8      0x1dc lib_generic/libgeneric.a(string.o)
 .debug_frame   0x00001f84       0xe4 lib_generic/libgeneric.a(vsprintf.o)
 .debug_frame   0x00002068      0x1f4 lib_generic/libgeneric.a(zlib.o)
 .debug_frame   0x0000225c       0x38 board/S3C2440A/libS3C2440A.a(S3C2440A.o)
 .debug_frame   0x00002294       0xa8 board/S3C2440A/libS3C2440A.a(flash.o)
 .debug_frame   0x0000233c      0x114 cpu/arm920t/libarm920t.a(cpu.o)
 .debug_frame   0x00002450       0x88 cpu/arm920t/s3c24x0/libs3c24x0.a(serial.o)
 .debug_frame   0x000024d8       0x38 lib_arm/libarm.a(armlinux.o)
 .debug_frame   0x00002510       0x20 lib_arm/libarm.a(cache.o)
 .debug_frame   0x00002530       0x6c rtc/librtc.a(date.o)
 .debug_frame   0x0000259c       0x94 rtc/librtc.a(s3c24x0_rtc.o)

.debug_pubnames
                0x00000000     0x1d6b
 .debug_pubnames
                0x00000000       0xdf cpu/arm920t/libarm920t.a(interrupts.o)
 .debug_pubnames
                0x000000df       0xd7 cpu/arm920t/s3c24x0/libs3c24x0.a(interrupts.o)
 .debug_pubnames
                0x000001b6       0x46 cpu/arm920t/s3c24x0/libs3c24x0.a(speed.o)
 .debug_pubnames
                0x000001fc       0x71 lib_arm/libarm.a(board.o)
 .debug_pubnames
                0x0000026d       0x1d lib_arm/libarm.a(div0.o)
 .debug_pubnames
                0x0000028a      0x3d7 net/libnet.a(net.o)
 .debug_pubnames
                0x00000661       0x20 net/libnet.a(tftp.o)
 .debug_pubnames
                0x00000681       0x3c net/libnet.a(bootp.o)
 .debug_pubnames
                0x000006bd       0x2e net/libnet.a(rarp.o)
 .debug_pubnames
                0x000006eb       0x25 net/libnet.a(eth.o)
 .debug_pubnames
                0x00000710       0x1f net/libnet.a(nfs.o)
 .debug_pubnames
                0x0000072f       0x8b drivers/libdrivers.a(cs8900.o)
 .debug_pubnames
                0x000007ba       0x5b common/libcommon.a(main.o)
 .debug_pubnames
                0x00000815       0x4c common/libcommon.a(cmd_autoscript.o)
 .debug_pubnames
                0x00000861       0x38 common/libcommon.a(cmd_bdinfo.o)
 .debug_pubnames
                0x00000899       0x47 common/libcommon.a(cmd_boot.o)
 .debug_pubnames
                0x000008e0       0xe4 common/libcommon.a(cmd_bootm.o)
 .debug_pubnames
                0x000009c4       0x5e common/libcommon.a(cmd_cache.o)
 .debug_pubnames
                0x00000a22       0x3a common/libcommon.a(cmd_console.o)
 .debug_pubnames
                0x00000a5c       0x4d common/libcommon.a(cmd_date.o)
 .debug_pubnames
                0x00000aa9       0x87 common/libcommon.a(cmd_elf.o)
 .debug_pubnames
                0x00000b30       0xb2 common/libcommon.a(cmd_flash.o)
 .debug_pubnames
                0x00000be2       0x53 common/libcommon.a(cmd_itest.o)
 .debug_pubnames
                0x00000c35      0x1c9 common/libcommon.a(cmd_load.o)
 .debug_pubnames
                0x00000dfe      0x1e7 common/libcommon.a(cmd_mem.o)
 .debug_pubnames
                0x00000fe5       0x36 common/libcommon.a(cmd_misc.o)
 .debug_pubnames
                0x0000101b       0xa4 common/libcommon.a(cmd_net.o)
 .debug_pubnames
                0x000010bf       0xd1 common/libcommon.a(cmd_nvedit.o)
 .debug_pubnames
                0x00001190       0xaa common/libcommon.a(command.o)
 .debug_pubnames
                0x0000123a      0x10e common/libcommon.a(console.o)
 .debug_pubnames
                0x00001348       0x76 common/libcommon.a(devices.o)
 .debug_pubnames
                0x000013be       0xb3 common/libcommon.a(dlmalloc.o)
 .debug_pubnames
                0x00001471       0x88 common/libcommon.a(env_common.o)
 .debug_pubnames
                0x000014f9       0x75 common/libcommon.a(env_flash.o)
 .debug_pubnames
                0x0000156e       0x35 common/libcommon.a(exports.o)
 .debug_pubnames
                0x000015a3       0x53 common/libcommon.a(flash.o)
 .debug_pubnames
                0x000015f6      0x116 common/libcommon.a(lists.o)
 .debug_pubnames
                0x0000170c       0x22 common/libcommon.a(s_record.o)
 .debug_pubnames
                0x0000172e       0xd5 common/libcommon.a(xyzModem.o)
 .debug_pubnames
                0x00001803       0x34 common/libcommon.a(cmd_info.o)
 .debug_pubnames
                0x00001837       0x20 common/libcommon.a(crc16.o)
 .debug_pubnames
                0x00001857       0x1c lib_generic/libgeneric.a(crc32.o)
 .debug_pubnames
                0x00001873       0x35 lib_generic/libgeneric.a(display_options.o)
 .debug_pubnames
                0x000018a8      0x130 lib_generic/libgeneric.a(string.o)
 .debug_pubnames
                0x000019d8       0x5a lib_generic/libgeneric.a(vsprintf.o)
 .debug_pubnames
                0x00001a32       0xab lib_generic/libgeneric.a(zlib.o)
 .debug_pubnames
                0x00001add       0x1d lib_generic/libgeneric.a(ctype.o)
 .debug_pubnames
                0x00001afa       0x2f board/S3C2440A/libS3C2440A.a(S3C2440A.o)
 .debug_pubnames
                0x00001b29       0x64 board/S3C2440A/libS3C2440A.a(flash.o)
 .debug_pubnames
                0x00001b8d       0xb3 cpu/arm920t/libarm920t.a(cpu.o)
 .debug_pubnames
                0x00001c40       0x74 cpu/arm920t/s3c24x0/libs3c24x0.a(serial.o)
 .debug_pubnames
                0x00001cb4       0x25 lib_arm/libarm.a(armlinux.o)
 .debug_pubnames
                0x00001cd9       0x22 lib_arm/libarm.a(cache.o)
 .debug_pubnames
                0x00001cfb       0x38 rtc/librtc.a(date.o)
 .debug_pubnames
                0x00001d33       0x38 rtc/librtc.a(s3c24x0_rtc.o)

.debug_str      0x00000000     0x3897
 .debug_str     0x00000000      0x156 cpu/arm920t/libarm920t.a(interrupts.o)
                                0x19a (size before relaxing)
 .debug_str     0x00000156      0x1aa cpu/arm920t/s3c24x0/libs3c24x0.a(interrupts.o)
                                0x26c (size before relaxing)
 .debug_str     0x00000300      0x172 cpu/arm920t/s3c24x0/libs3c24x0.a(speed.o)
                                0x264 (size before relaxing)
 .debug_str     0x00000472      0x16a lib_arm/libarm.a(board.o)
                                0x2d7 (size before relaxing)
 .debug_str     0x000005dc        0xe lib_arm/libarm.a(div0.o)
                                 0x49 (size before relaxing)
 .debug_str     0x000005ea      0x5af net/libnet.a(net.o)
                                0x778 (size before relaxing)
 .debug_str     0x00000b99       0xec net/libnet.a(tftp.o)
                                0x276 (size before relaxing)
 .debug_str     0x00000c85      0x176 net/libnet.a(bootp.o)
                                0x374 (size before relaxing)
 .debug_str     0x00000dfb       0x4c net/libnet.a(rarp.o)
                                0x192 (size before relaxing)
 .debug_str     0x00000e47       0x15 net/libnet.a(eth.o)
                                0x14c (size before relaxing)
 .debug_str     0x00000e5c      0x26b net/libnet.a(nfs.o)
                                0x45b (size before relaxing)
 .debug_str     0x000010c7       0xfc drivers/libdrivers.a(cs8900.o)
                                0x24b (size before relaxing)
 .debug_str     0x000011c3      0x170 common/libcommon.a(main.o)
                                0x237 (size before relaxing)
 .debug_str     0x00001333       0xc7 common/libcommon.a(cmd_autoscript.o)
                                0x21e (size before relaxing)
 .debug_str     0x000013fa       0x35 common/libcommon.a(cmd_bdinfo.o)
                                0x213 (size before relaxing)
 .debug_str     0x0000142f       0x34 common/libcommon.a(cmd_boot.o)
                                0x14f (size before relaxing)
 .debug_str     0x00001463      0x2b8 common/libcommon.a(cmd_bootm.o)
                                0x5b3 (size before relaxing)
 .debug_str     0x0000171b       0x4f common/libcommon.a(cmd_cache.o)
                                0x159 (size before relaxing)
 .debug_str     0x0000176a       0xca common/libcommon.a(cmd_console.o)
                                0x1ee (size before relaxing)
 .debug_str     0x00001834       0x52 common/libcommon.a(cmd_date.o)
                                0x284 (size before relaxing)
 .debug_str     0x00001886      0x1ac common/libcommon.a(cmd_elf.o)
                                0x2fc (size before relaxing)
 .debug_str     0x00001a32      0x14d common/libcommon.a(cmd_flash.o)
                                0x2cc (size before relaxing)
 .debug_str     0x00001b7f       0x90 common/libcommon.a(cmd_itest.o)
                                0x1aa (size before relaxing)
 .debug_str     0x00001c0f      0x322 common/libcommon.a(cmd_load.o)
                                0x58b (size before relaxing)
 .debug_str     0x00001f31      0x224 common/libcommon.a(cmd_mem.o)
                                0x383 (size before relaxing)
 .debug_str     0x00002155       0x27 common/libcommon.a(cmd_misc.o)
                                0x143 (size before relaxing)
 .debug_str     0x0000217c       0x9e common/libcommon.a(cmd_net.o)
                                0x285 (size before relaxing)
 .debug_str     0x0000221a       0xe3 common/libcommon.a(cmd_nvedit.o)
                                0x30d (size before relaxing)
 .debug_str     0x000022fd       0xd1 common/libcommon.a(command.o)
                                0x1f8 (size before relaxing)
 .debug_str     0x000023ce       0xee common/libcommon.a(console.o)
                                0x37b (size before relaxing)
 .debug_str     0x000024bc       0x44 common/libcommon.a(devices.o)
                                0x285 (size before relaxing)
 .debug_str     0x00002500      0x2ac common/libcommon.a(dlmalloc.o)
                                0x4a0 (size before relaxing)
 .debug_str     0x000027ac       0x7e common/libcommon.a(env_common.o)
                                0x228 (size before relaxing)
 .debug_str     0x0000282a       0x5f common/libcommon.a(env_flash.o)
                                0x243 (size before relaxing)
 .debug_str     0x00002889       0x25 common/libcommon.a(exports.o)
                                0x1b7 (size before relaxing)
 .debug_str     0x000028ae       0x46 common/libcommon.a(flash.o)
                                0x187 (size before relaxing)
 .debug_str     0x000028f4      0x1dc common/libcommon.a(lists.o)
                                0x312 (size before relaxing)
 .debug_str     0x00002ad0       0x3a common/libcommon.a(s_record.o)
                                0x114 (size before relaxing)
 .debug_str     0x00002b0a      0x1bd common/libcommon.a(xyzModem.o)
                                0x2d5 (size before relaxing)
 .debug_str     0x00002cc7       0x25 common/libcommon.a(cmd_info.o)
                                0x12f (size before relaxing)
 .debug_str     0x00002cec       0x1c common/libcommon.a(crc16.o)
                                 0xef (size before relaxing)
 .debug_str     0x00002d08       0x47 lib_generic/libgeneric.a(crc32.o)
                                 0xf8 (size before relaxing)
 .debug_str     0x00002d4f       0x2d lib_generic/libgeneric.a(display_options.o)
                                0x10a (size before relaxing)
 .debug_str     0x00002d7c       0xd0 lib_generic/libgeneric.a(string.o)
                                0x1d2 (size before relaxing)
 .debug_str     0x00002e4c       0x79 lib_generic/libgeneric.a(vsprintf.o)
                                0x1a0 (size before relaxing)
 .debug_str     0x00002ec5      0x3c5 lib_generic/libgeneric.a(zlib.o)
                                0x5b2 (size before relaxing)
 .debug_str     0x0000328a        0x8 lib_generic/libgeneric.a(ctype.o)
                                 0x64 (size before relaxing)
 .debug_str     0x00003292      0x1ca board/S3C2440A/libS3C2440A.a(S3C2440A.o)
                                0x3a5 (size before relaxing)
 .debug_str     0x0000345c       0x62 board/S3C2440A/libS3C2440A.a(flash.o)
                                0x1d0 (size before relaxing)
 .debug_str     0x000034be       0xa5 cpu/arm920t/libarm920t.a(cpu.o)
                                0x1c0 (size before relaxing)
 .debug_str     0x00003563       0xfb cpu/arm920t/s3c24x0/libs3c24x0.a(serial.o)
                                0x29e (size before relaxing)
 .debug_str     0x0000365e       0x46 lib_arm/libarm.a(armlinux.o)
                                0x2ec (size before relaxing)
 .debug_str     0x000036a4       0x1a lib_arm/libarm.a(cache.o)
                                 0xe1 (size before relaxing)
 .debug_str     0x000036be       0x6c rtc/librtc.a(date.o)
                                0x161 (size before relaxing)
 .debug_str     0x0000372a      0x16d rtc/librtc.a(s3c24x0_rtc.o)
                                0x2b9 (size before relaxing)

.comment        0x00000000      0x3de
 .comment       0x00000000       0x12 cpu/arm920t/libarm920t.a(interrupts.o)
 .comment       0x00000012       0x12 cpu/arm920t/s3c24x0/libs3c24x0.a(interrupts.o)
 .comment       0x00000024       0x12 cpu/arm920t/s3c24x0/libs3c24x0.a(speed.o)
 .comment       0x00000036       0x12 lib_arm/libarm.a(board.o)
 .comment       0x00000048       0x12 lib_arm/libarm.a(div0.o)
 .comment       0x0000005a       0x12 net/libnet.a(net.o)
 .comment       0x0000006c       0x12 net/libnet.a(tftp.o)
 .comment       0x0000007e       0x12 net/libnet.a(bootp.o)
 .comment       0x00000090       0x12 net/libnet.a(rarp.o)
 .comment       0x000000a2       0x12 net/libnet.a(eth.o)
 .comment       0x000000b4       0x12 net/libnet.a(nfs.o)
 .comment       0x000000c6       0x12 drivers/libdrivers.a(cs8900.o)
 .comment       0x000000d8       0x12 common/libcommon.a(main.o)
 .comment       0x000000ea       0x12 common/libcommon.a(cmd_autoscript.o)
 .comment       0x000000fc       0x12 common/libcommon.a(cmd_bdinfo.o)
 .comment       0x0000010e       0x12 common/libcommon.a(cmd_boot.o)
 .comment       0x00000120       0x12 common/libcommon.a(cmd_bootm.o)
 .comment       0x00000132       0x12 common/libcommon.a(cmd_cache.o)
 .comment       0x00000144       0x12 common/libcommon.a(cmd_console.o)
 .comment       0x00000156       0x12 common/libcommon.a(cmd_date.o)
 .comment       0x00000168       0x12 common/libcommon.a(cmd_elf.o)
 .comment       0x0000017a       0x12 common/libcommon.a(cmd_flash.o)
 .comment       0x0000018c       0x12 common/libcommon.a(cmd_itest.o)
 .comment       0x0000019e       0x12 common/libcommon.a(cmd_load.o)
 .comment       0x000001b0       0x12 common/libcommon.a(cmd_mem.o)
 .comment       0x000001c2       0x12 common/libcommon.a(cmd_misc.o)
 .comment       0x000001d4       0x12 common/libcommon.a(cmd_net.o)
 .comment       0x000001e6       0x12 common/libcommon.a(cmd_nvedit.o)
 .comment       0x000001f8       0x12 common/libcommon.a(command.o)
 .comment       0x0000020a       0x12 common/libcommon.a(console.o)
 .comment       0x0000021c       0x12 common/libcommon.a(devices.o)
 .comment       0x0000022e       0x12 common/libcommon.a(dlmalloc.o)
 .comment       0x00000240       0x12 common/libcommon.a(env_common.o)
 .comment       0x00000252       0x12 common/libcommon.a(env_flash.o)
 .comment       0x00000264       0x12 common/libcommon.a(exports.o)
 .comment       0x00000276       0x12 common/libcommon.a(flash.o)
 .comment       0x00000288       0x12 common/libcommon.a(lists.o)
 .comment       0x0000029a       0x12 common/libcommon.a(s_record.o)
 .comment       0x000002ac       0x12 common/libcommon.a(xyzModem.o)
 .comment       0x000002be       0x12 common/libcommon.a(cmd_info.o)
 .comment       0x000002d0       0x12 common/libcommon.a(crc16.o)
 .comment       0x000002e2       0x12 lib_generic/libgeneric.a(crc32.o)
 .comment       0x000002f4       0x12 lib_generic/libgeneric.a(display_options.o)
 .comment       0x00000306       0x12 lib_generic/libgeneric.a(string.o)
 .comment       0x00000318       0x12 lib_generic/libgeneric.a(vsprintf.o)
 .comment       0x0000032a       0x12 lib_generic/libgeneric.a(zlib.o)
 .comment       0x0000033c       0x12 lib_generic/libgeneric.a(ctype.o)
 .comment       0x0000034e       0x12 board/S3C2440A/libS3C2440A.a(S3C2440A.o)
 .comment       0x00000360       0x12 board/S3C2440A/libS3C2440A.a(flash.o)
 .comment       0x00000372       0x12 cpu/arm920t/libarm920t.a(cpu.o)
 .comment       0x00000384       0x12 cpu/arm920t/s3c24x0/libs3c24x0.a(serial.o)
 .comment       0x00000396       0x12 lib_arm/libarm.a(armlinux.o)
 .comment       0x000003a8       0x12 lib_arm/libarm.a(cache.o)
 .comment       0x000003ba       0x12 rtc/librtc.a(date.o)
 .comment       0x000003cc       0x12 rtc/librtc.a(s3c24x0_rtc.o)

.debug_ranges   0x00000000      0x568
 .debug_ranges  0x00000000       0x38 cpu/arm920t/s3c24x0/libs3c24x0.a(interrupts.o)
 .debug_ranges  0x00000038       0x18 lib_arm/libarm.a(board.o)
 .debug_ranges  0x00000050       0xa0 net/libnet.a(net.o)
 .debug_ranges  0x000000f0       0x20 net/libnet.a(tftp.o)
 .debug_ranges  0x00000110       0x30 net/libnet.a(bootp.o)
 .debug_ranges  0x00000140       0x40 net/libnet.a(nfs.o)
 .debug_ranges  0x00000180       0x20 drivers/libdrivers.a(cs8900.o)
 .debug_ranges  0x000001a0       0x50 common/libcommon.a(main.o)
 .debug_ranges  0x000001f0       0x18 common/libcommon.a(cmd_autoscript.o)
 .debug_ranges  0x00000208       0x18 common/libcommon.a(cmd_flash.o)
 .debug_ranges  0x00000220       0x18 common/libcommon.a(cmd_itest.o)
 .debug_ranges  0x00000238       0x30 common/libcommon.a(cmd_load.o)
 .debug_ranges  0x00000268       0x30 common/libcommon.a(cmd_mem.o)
 .debug_ranges  0x00000298       0x18 common/libcommon.a(cmd_nvedit.o)
 .debug_ranges  0x000002b0       0x38 common/libcommon.a(command.o)
 .debug_ranges  0x000002e8       0x38 common/libcommon.a(console.o)
 .debug_ranges  0x00000320       0x18 common/libcommon.a(devices.o)
 .debug_ranges  0x00000338       0x50 common/libcommon.a(dlmalloc.o)
 .debug_ranges  0x00000388       0x50 common/libcommon.a(flash.o)
 .debug_ranges  0x000003d8       0x18 common/libcommon.a(xyzModem.o)
 .debug_ranges  0x000003f0       0x18 lib_generic/libgeneric.a(vsprintf.o)
 .debug_ranges  0x00000408      0x108 lib_generic/libgeneric.a(zlib.o)
 .debug_ranges  0x00000510       0x20 board/S3C2440A/libS3C2440A.a(flash.o)
 .debug_ranges  0x00000530       0x38 rtc/librtc.a(s3c24x0_rtc.o)
